github.com/buidangphuc/team-payment/internal/bootstrap/resources.go:21:	InitResources			0.0%
github.com/buidangphuc/team-payment/internal/bootstrap/resources.go:52:	CloseResources			0.0%
github.com/buidangphuc/team-payment/internal/config/config.go:49:	LoadSettings			83.3%
github.com/buidangphuc/team-payment/internal/config/config.go:60:	Validate			100.0%
github.com/buidangphuc/team-payment/internal/config/config.go:70:	IsProd				100.0%
github.com/buidangphuc/team-payment/internal/config/config.go:75:	DeclaredEnvKeys			100.0%
github.com/buidangphuc/team-payment/internal/config/config.go:89:	bindGroups			86.7%
github.com/buidangphuc/team-payment/internal/config/config.go:112:	setField			75.0%
github.com/buidangphuc/team-payment/internal/grpcserver/server.go:17:	Build				100.0%
github.com/buidangphuc/team-payment/internal/handler/payment.go:25:	NewPaymentHandler		66.7%
github.com/buidangphuc/team-payment/internal/handler/payment.go:32:	CreatePayment			46.2%
github.com/buidangphuc/team-payment/internal/handler/payment.go:58:	GetPayment			50.0%
github.com/buidangphuc/team-payment/internal/handler/payment.go:76:	ProcessMockPayment		50.0%
github.com/buidangphuc/team-payment/internal/handler/payment.go:98:	GetSellerWallet			66.7%
github.com/buidangphuc/team-payment/internal/handler/payment.go:122:	RequestPayout			60.0%
github.com/buidangphuc/team-payment/internal/handler/payment.go:158:	ListPayoutHistory		73.3%
github.com/buidangphuc/team-payment/internal/handler/payment.go:187:	RefundPayment			58.8%
github.com/buidangphuc/team-payment/internal/handler/payment.go:223:	toWireTransaction		100.0%
github.com/buidangphuc/team-payment/internal/handler/payment.go:238:	toWireWallet			100.0%
github.com/buidangphuc/team-payment/internal/handler/payment.go:248:	toWirePayout			100.0%
github.com/buidangphuc/team-payment/internal/interceptor/auth.go:23:	PrincipalFromContext		100.0%
github.com/buidangphuc/team-payment/internal/interceptor/auth.go:28:	ContextWithPrincipal		100.0%
github.com/buidangphuc/team-payment/internal/interceptor/auth.go:32:	principalFromMetadata		71.4%
github.com/buidangphuc/team-payment/internal/interceptor/auth.go:48:	firstMD				66.7%
github.com/buidangphuc/team-payment/internal/interceptor/auth.go:55:	splitScopes			100.0%
github.com/buidangphuc/team-payment/internal/interceptor/auth.go:66:	parsePrincipalType		40.0%
github.com/buidangphuc/team-payment/internal/interceptor/auth.go:79:	AuthUnaryInterceptor		100.0%
github.com/buidangphuc/team-payment/internal/interceptor/auth.go:93:	RequirePrincipal		100.0%
github.com/buidangphuc/team-payment/internal/interceptor/tracing.go:19:	OTelStatsHandler		0.0%
github.com/buidangphuc/team-payment/internal/interceptor/tracing.go:23:	RequestIDFromContext		0.0%
github.com/buidangphuc/team-payment/internal/interceptor/tracing.go:28:	RequestIDUnaryInterceptor	0.0%
github.com/buidangphuc/team-payment/internal/interceptor/tracing.go:44:	RequestIDStreamInterceptor	0.0%
github.com/buidangphuc/team-payment/internal/interceptor/tracing.go:60:	withRequestID			0.0%
github.com/buidangphuc/team-payment/internal/interceptor/tracing.go:68:	incomingRequestID		0.0%
github.com/buidangphuc/team-payment/internal/interceptor/tracing.go:79:	newRequestID			0.0%
github.com/buidangphuc/team-payment/internal/interceptor/tracing.go:92:	Context				0.0%
github.com/buidangphuc/team-payment/internal/repository/payment.go:64:	NewPostgresPaymentRepository	0.0%
github.com/buidangphuc/team-payment/internal/repository/payment.go:70:	scanTransaction			0.0%
github.com/buidangphuc/team-payment/internal/repository/payment.go:80:	CreateTransaction		0.0%
github.com/buidangphuc/team-payment/internal/repository/payment.go:101:	GetTransaction			0.0%
github.com/buidangphuc/team-payment/internal/repository/payment.go:113:	GetTransactionByOrderID		0.0%
github.com/buidangphuc/team-payment/internal/repository/payment.go:125:	UpdateStatus			0.0%
github.com/buidangphuc/team-payment/internal/repository/payment.go:138:	UpdateTransactionStatus		0.0%
github.com/buidangphuc/team-payment/internal/repository/payment.go:149:	NewInMemoryPaymentRepository	100.0%
github.com/buidangphuc/team-payment/internal/repository/payment.go:155:	CreateTransaction		100.0%
github.com/buidangphuc/team-payment/internal/repository/payment.go:173:	GetTransaction			100.0%
github.com/buidangphuc/team-payment/internal/repository/payment.go:183:	GetTransactionByOrderID		100.0%
github.com/buidangphuc/team-payment/internal/repository/payment.go:194:	UpdateStatus			100.0%
github.com/buidangphuc/team-payment/internal/repository/payment.go:208:	UpdateTransactionStatus		100.0%
github.com/buidangphuc/team-payment/internal/repository/wallet.go:86:	NewPostgresWalletRepository	0.0%
github.com/buidangphuc/team-payment/internal/repository/wallet.go:92:	scanWallet			0.0%
github.com/buidangphuc/team-payment/internal/repository/wallet.go:96:	GetOrCreateWallet		0.0%
github.com/buidangphuc/team-payment/internal/repository/wallet.go:109:	GetWalletBySellerID		0.0%
github.com/buidangphuc/team-payment/internal/repository/wallet.go:121:	UpdateWalletBalance		0.0%
github.com/buidangphuc/team-payment/internal/repository/wallet.go:146:	scanPayout			0.0%
github.com/buidangphuc/team-payment/internal/repository/wallet.go:155:	CreatePayoutRequest		0.0%
github.com/buidangphuc/team-payment/internal/repository/wallet.go:172:	GetPayoutRequest		0.0%
github.com/buidangphuc/team-payment/internal/repository/wallet.go:184:	ListPayoutRequestsBySellerID	0.0%
github.com/buidangphuc/team-payment/internal/repository/wallet.go:205:	scanWalletTx			0.0%
github.com/buidangphuc/team-payment/internal/repository/wallet.go:214:	CreateWalletTransaction		0.0%
github.com/buidangphuc/team-payment/internal/repository/wallet.go:228:	ListWalletTransactions		0.0%
github.com/buidangphuc/team-payment/internal/repository/wallet.go:256:	NewInMemoryWalletRepository	100.0%
github.com/buidangphuc/team-payment/internal/repository/wallet.go:263:	GetOrCreateWallet		100.0%
github.com/buidangphuc/team-payment/internal/repository/wallet.go:282:	GetWalletBySellerID		100.0%
github.com/buidangphuc/team-payment/internal/repository/wallet.go:293:	UpdateWalletBalance		100.0%
github.com/buidangphuc/team-payment/internal/repository/wallet.go:319:	CreatePayoutRequest		100.0%
github.com/buidangphuc/team-payment/internal/repository/wallet.go:334:	GetPayoutRequest		100.0%
github.com/buidangphuc/team-payment/internal/repository/wallet.go:345:	ListPayoutRequestsBySellerID	100.0%
github.com/buidangphuc/team-payment/internal/repository/wallet.go:366:	CreateWalletTransaction		100.0%
github.com/buidangphuc/team-payment/internal/repository/wallet.go:378:	ListWalletTransactions		100.0%
github.com/buidangphuc/team-payment/internal/service/payment.go:33:	NewPaymentService		66.7%
github.com/buidangphuc/team-payment/internal/service/payment.go:52:	CreatePayment			90.0%
github.com/buidangphuc/team-payment/internal/service/payment.go:101:	GetPayment			100.0%
github.com/buidangphuc/team-payment/internal/service/payment.go:111:	ProcessMockPayment		83.3%
github.com/buidangphuc/team-payment/internal/service/payment.go:157:	RefundPayment			93.8%
github.com/buidangphuc/team-payment/internal/service/payment.go:194:	GetSellerWallet			80.0%
github.com/buidangphuc/team-payment/internal/service/payment.go:204:	RequestPayout			83.3%
github.com/buidangphuc/team-payment/internal/service/payment.go:259:	ListPayoutHistory		80.0%
github.com/buidangphuc/team-payment/internal/upstream/order.go:18:	DialOrderService		0.0%
total:									(statements)			57.1%
