github.com/buidangphuc/team-gateway/internal/edge/address.go:19:		NewAddressForwarder	0.0%
github.com/buidangphuc/team-gateway/internal/edge/address.go:23:		ListAddresses		0.0%
github.com/buidangphuc/team-gateway/internal/edge/address.go:39:		CreateAddress		0.0%
github.com/buidangphuc/team-gateway/internal/edge/address.go:55:		UpdateAddress		0.0%
github.com/buidangphuc/team-gateway/internal/edge/address.go:71:		DeleteAddress		0.0%
github.com/buidangphuc/team-gateway/internal/edge/address.go:87:		SetDefaultAddress	0.0%
github.com/buidangphuc/team-gateway/internal/edge/auth.go:21:			NewAuthForwarder	0.0%
github.com/buidangphuc/team-gateway/internal/edge/auth.go:25:			Register		0.0%
github.com/buidangphuc/team-gateway/internal/edge/auth.go:41:			Login			0.0%
github.com/buidangphuc/team-gateway/internal/edge/cart.go:18:			NewCartForwarder	0.0%
github.com/buidangphuc/team-gateway/internal/edge/cart.go:22:			GetCart			0.0%
github.com/buidangphuc/team-gateway/internal/edge/cart.go:38:			AddToCart		0.0%
github.com/buidangphuc/team-gateway/internal/edge/cart.go:54:			UpdateCartItem		0.0%
github.com/buidangphuc/team-gateway/internal/edge/cart.go:70:			RemoveFromCart		0.0%
github.com/buidangphuc/team-gateway/internal/edge/cart.go:86:			ClearCart		0.0%
github.com/buidangphuc/team-gateway/internal/edge/chat.go:18:			NewChatForwarder	0.0%
github.com/buidangphuc/team-gateway/internal/edge/chat.go:22:			GetOrCreateThread	0.0%
github.com/buidangphuc/team-gateway/internal/edge/chat.go:38:			ListThreads		0.0%
github.com/buidangphuc/team-gateway/internal/edge/chat.go:54:			GetThreadMessages	0.0%
github.com/buidangphuc/team-gateway/internal/edge/chat.go:70:			SendMessage		0.0%
github.com/buidangphuc/team-gateway/internal/edge/chat.go:86:			MarkThreadRead		0.0%
github.com/buidangphuc/team-gateway/internal/edge/cockpit.go:39:		HandleCockpitMetrics	100.0%
github.com/buidangphuc/team-gateway/internal/edge/engagement.go:19:		NewEngagementForwarder	0.0%
github.com/buidangphuc/team-gateway/internal/edge/engagement.go:23:		AddFavorite		0.0%
github.com/buidangphuc/team-gateway/internal/edge/engagement.go:38:		RemoveFavorite		0.0%
github.com/buidangphuc/team-gateway/internal/edge/engagement.go:53:		IsFavorite		0.0%
github.com/buidangphuc/team-gateway/internal/edge/engagement.go:68:		ListFavorites		0.0%
github.com/buidangphuc/team-gateway/internal/edge/engagement.go:84:		RecordView		0.0%
github.com/buidangphuc/team-gateway/internal/edge/engagement.go:99:		GetListingStats		0.0%
github.com/buidangphuc/team-gateway/internal/edge/engagement.go:116:		CreateReview		0.0%
github.com/buidangphuc/team-gateway/internal/edge/engagement.go:131:		ListReviews		0.0%
github.com/buidangphuc/team-gateway/internal/edge/engagement.go:146:		GetListingRatingSummary	0.0%
github.com/buidangphuc/team-gateway/internal/edge/forward.go:58:		NewEdge			0.0%
github.com/buidangphuc/team-gateway/internal/edge/forward.go:70:		resolve			0.0%
github.com/buidangphuc/team-gateway/internal/edge/forward.go:86:		outgoing		0.0%
github.com/buidangphuc/team-gateway/internal/edge/forward.go:106:		callRead		0.0%
github.com/buidangphuc/team-gateway/internal/edge/forward.go:123:		callWrite		0.0%
github.com/buidangphuc/team-gateway/internal/edge/forward.go:127:		callOnce		0.0%
github.com/buidangphuc/team-gateway/internal/edge/forward.go:133:		withPrincipal		0.0%
github.com/buidangphuc/team-gateway/internal/edge/forward.go:137:		principalFrom		0.0%
github.com/buidangphuc/team-gateway/internal/edge/forward.go:142:		withRequestID		0.0%
github.com/buidangphuc/team-gateway/internal/edge/forward.go:146:		requestIDFrom		0.0%
github.com/buidangphuc/team-gateway/internal/edge/forward.go:151:		bearerToken		0.0%
github.com/buidangphuc/team-gateway/internal/edge/forward.go:159:		newRequestID		0.0%
github.com/buidangphuc/team-gateway/internal/edge/forward.go:168:		toConnectErr		0.0%
github.com/buidangphuc/team-gateway/internal/edge/interceptors.go:25:		newRateLimiter		0.0%
github.com/buidangphuc/team-gateway/internal/edge/interceptors.go:30:		clientIP		0.0%
github.com/buidangphuc/team-gateway/internal/edge/interceptors.go:37:		allow			0.0%
github.com/buidangphuc/team-gateway/internal/edge/interceptors.go:50:		Interceptors		0.0%
github.com/buidangphuc/team-gateway/internal/edge/interceptors.go:59:		requestIDInterceptor	0.0%
github.com/buidangphuc/team-gateway/internal/edge/interceptors.go:78:		authInterceptor		0.0%
github.com/buidangphuc/team-gateway/internal/edge/interceptors.go:87:		loggingInterceptor	0.0%
github.com/buidangphuc/team-gateway/internal/edge/interceptors.go:112:		rateLimitInterceptor	0.0%
github.com/buidangphuc/team-gateway/internal/edge/listing.go:21:		NewListingForwarder	0.0%
github.com/buidangphuc/team-gateway/internal/edge/listing.go:25:		GetListing		0.0%
github.com/buidangphuc/team-gateway/internal/edge/listing.go:41:		ListListings		0.0%
github.com/buidangphuc/team-gateway/internal/edge/listing.go:57:		ListMyListings		0.0%
github.com/buidangphuc/team-gateway/internal/edge/listing.go:73:		CreateListing		0.0%
github.com/buidangphuc/team-gateway/internal/edge/listing.go:89:		UpdateListing		0.0%
github.com/buidangphuc/team-gateway/internal/edge/listing.go:105:		DeleteListing		0.0%
github.com/buidangphuc/team-gateway/internal/edge/listing.go:121:		GetImageUploadUrl	0.0%
github.com/buidangphuc/team-gateway/internal/edge/listing.go:137:		ListCategories		0.0%
github.com/buidangphuc/team-gateway/internal/edge/listing.go:153:		GetCategory		0.0%
github.com/buidangphuc/team-gateway/internal/edge/listing.go:169:		ReserveStock		0.0%
github.com/buidangphuc/team-gateway/internal/edge/listing.go:185:		ReleaseStock		0.0%
github.com/buidangphuc/team-gateway/internal/edge/order.go:18:			NewOrderForwarder	0.0%
github.com/buidangphuc/team-gateway/internal/edge/order.go:22:			CreateOrder		0.0%
github.com/buidangphuc/team-gateway/internal/edge/order.go:38:			GetOrder		0.0%
github.com/buidangphuc/team-gateway/internal/edge/order.go:54:			ListBuyerOrders		0.0%
github.com/buidangphuc/team-gateway/internal/edge/order.go:70:			ListSellerOrders	0.0%
github.com/buidangphuc/team-gateway/internal/edge/order.go:86:			UpdateOrderStatus	0.0%
github.com/buidangphuc/team-gateway/internal/edge/order.go:102:			CancelOrder		0.0%
github.com/buidangphuc/team-gateway/internal/edge/order.go:118:			GetSagaState		0.0%
github.com/buidangphuc/team-gateway/internal/edge/order.go:134:			ForceFailSaga		0.0%
github.com/buidangphuc/team-gateway/internal/edge/payment.go:18:		NewPaymentForwarder	0.0%
github.com/buidangphuc/team-gateway/internal/edge/payment.go:22:		CreatePayment		0.0%
github.com/buidangphuc/team-gateway/internal/edge/payment.go:38:		GetPayment		0.0%
github.com/buidangphuc/team-gateway/internal/edge/payment.go:54:		ProcessMockPayment	0.0%
github.com/buidangphuc/team-gateway/internal/edge/realtime.go:24:		NewRealtimeBroker	100.0%
github.com/buidangphuc/team-gateway/internal/edge/realtime.go:30:		Subscribe		0.0%
github.com/buidangphuc/team-gateway/internal/edge/realtime.go:42:		Unsubscribe		0.0%
github.com/buidangphuc/team-gateway/internal/edge/realtime.go:55:		Broadcast		0.0%
github.com/buidangphuc/team-gateway/internal/edge/realtime.go:81:		HandleSSE		0.0%
github.com/buidangphuc/team-gateway/internal/edge/search.go:21:			NewSearchForwarder	0.0%
github.com/buidangphuc/team-gateway/internal/edge/search.go:25:			SearchListings		0.0%
github.com/buidangphuc/team-gateway/internal/edge/search.go:41:			Suggest			0.0%
github.com/buidangphuc/team-gateway/internal/edge/server.go:24:			NewMux			0.0%
github.com/buidangphuc/team-gateway/internal/observability/logging.go:12:	NewLogger		0.0%
github.com/buidangphuc/team-gateway/internal/observability/tracer.go:22:	InitTracer		0.0%
github.com/buidangphuc/team-gateway/internal/upstream/clients.go:37:		Dial			0.0%
github.com/buidangphuc/team-gateway/internal/upstream/clients.go:91:		Close			0.0%
total:										(statements)		1.0%
