github.com/buidangphuc/team-domain/internal/bootstrap/addon.go:28:		defaultAddons			0.0%
github.com/buidangphuc/team-domain/internal/bootstrap/lifecycle.go:21:		OpenResources			0.0%
github.com/buidangphuc/team-domain/internal/bootstrap/lifecycle.go:68:		CloseResources			0.0%
github.com/buidangphuc/team-domain/internal/bootstrap/lifecycle.go:96:		validateRequirements		0.0%
github.com/buidangphuc/team-domain/internal/bootstrap/lifecycle.go:103:		openPostgres			0.0%
github.com/buidangphuc/team-domain/internal/bootstrap/lifecycle.go:127:		startDBHealthCheck		0.0%
github.com/buidangphuc/team-domain/internal/config/config.go:80:		LoadSettings			66.7%
github.com/buidangphuc/team-domain/internal/config/config.go:93:		Validate			71.4%
github.com/buidangphuc/team-domain/internal/config/config.go:107:		IsProd				0.0%
github.com/buidangphuc/team-domain/internal/config/config.go:113:		KafkaBrokers			100.0%
github.com/buidangphuc/team-domain/internal/config/config.go:126:		DeclaredEnvKeys			100.0%
github.com/buidangphuc/team-domain/internal/config/config.go:141:		bindGroups			86.7%
github.com/buidangphuc/team-domain/internal/config/config.go:165:		setField			75.0%
github.com/buidangphuc/team-domain/internal/config/envcheck.go:20:		CheckEnvExample			50.0%
github.com/buidangphuc/team-domain/internal/config/envcheck.go:61:		parseEnvExampleKeys		86.7%
github.com/buidangphuc/team-domain/internal/events/publisher.go:41:		PublishListingChanged		100.0%
github.com/buidangphuc/team-domain/internal/events/publisher.go:44:		PublishListingBaseInfoChanged	100.0%
github.com/buidangphuc/team-domain/internal/events/publisher.go:47:		PublishListingPricingChanged	100.0%
github.com/buidangphuc/team-domain/internal/events/publisher.go:50:		PublishListingStockChanged	100.0%
github.com/buidangphuc/team-domain/internal/events/publisher.go:53:		PublishListingStatusChanged	100.0%
github.com/buidangphuc/team-domain/internal/events/publisher.go:56:		Close				0.0%
github.com/buidangphuc/team-domain/internal/events/publisher.go:65:		NewKafkaPublisher		0.0%
github.com/buidangphuc/team-domain/internal/events/publisher.go:76:		produceEnvelope			0.0%
github.com/buidangphuc/team-domain/internal/events/publisher.go:97:		PublishListingChanged		0.0%
github.com/buidangphuc/team-domain/internal/events/publisher.go:112:		PublishListingBaseInfoChanged	0.0%
github.com/buidangphuc/team-domain/internal/events/publisher.go:126:		PublishListingPricingChanged	0.0%
github.com/buidangphuc/team-domain/internal/events/publisher.go:140:		PublishListingStockChanged	0.0%
github.com/buidangphuc/team-domain/internal/events/publisher.go:154:		PublishListingStatusChanged	0.0%
github.com/buidangphuc/team-domain/internal/events/publisher.go:168:		Close				0.0%
github.com/buidangphuc/team-domain/internal/grpcserver/server.go:25:		Build				88.9%
github.com/buidangphuc/team-domain/internal/interceptor/auth.go:31:		PrincipalFromContext		100.0%
github.com/buidangphuc/team-domain/internal/interceptor/auth.go:36:		contextWithPrincipal		100.0%
github.com/buidangphuc/team-domain/internal/interceptor/auth.go:43:		principalFromMetadata		85.7%
github.com/buidangphuc/team-domain/internal/interceptor/auth.go:59:		firstMD				100.0%
github.com/buidangphuc/team-domain/internal/interceptor/auth.go:66:		splitScopes			100.0%
github.com/buidangphuc/team-domain/internal/interceptor/auth.go:77:		parsePrincipalType		40.0%
github.com/buidangphuc/team-domain/internal/interceptor/auth.go:91:		UnaryServerInterceptor		100.0%
github.com/buidangphuc/team-domain/internal/interceptor/auth.go:106:		StreamServerInterceptor		20.0%
github.com/buidangphuc/team-domain/internal/interceptor/auth.go:127:		Context				0.0%
github.com/buidangphuc/team-domain/internal/interceptor/auth.go:131:		RequireScopes			100.0%
github.com/buidangphuc/team-domain/internal/interceptor/tracing.go:29:		OTelStatsHandler		100.0%
github.com/buidangphuc/team-domain/internal/interceptor/tracing.go:34:		RequestIDFromContext		100.0%
github.com/buidangphuc/team-domain/internal/interceptor/tracing.go:43:		RequestIDUnaryInterceptor	100.0%
github.com/buidangphuc/team-domain/internal/interceptor/tracing.go:60:		RequestIDStreamInterceptor	25.0%
github.com/buidangphuc/team-domain/internal/interceptor/tracing.go:78:		withRequestID			100.0%
github.com/buidangphuc/team-domain/internal/interceptor/tracing.go:86:		incomingRequestID		66.7%
github.com/buidangphuc/team-domain/internal/interceptor/tracing.go:99:		newRequestID			75.0%
github.com/buidangphuc/team-domain/internal/observability/tracer.go:22:		InitTracer			0.0%
github.com/buidangphuc/team-domain/internal/repository/category.go:40:		NewPostgresCategoryRepository	0.0%
github.com/buidangphuc/team-domain/internal/repository/category.go:46:		scanCategory			0.0%
github.com/buidangphuc/team-domain/internal/repository/category.go:50:		List				0.0%
github.com/buidangphuc/team-domain/internal/repository/category.go:78:		Get				0.0%
github.com/buidangphuc/team-domain/internal/repository/category.go:97:		NewInMemoryCategoryRepository	100.0%
github.com/buidangphuc/team-domain/internal/repository/category.go:112:		List				90.9%
github.com/buidangphuc/team-domain/internal/repository/category.go:131:		Get				100.0%
github.com/buidangphuc/team-domain/internal/repository/listing.go:84:		clampPageSize			75.0%
github.com/buidangphuc/team-domain/internal/repository/listing.go:104:		NewInMemoryListingRepository	100.0%
github.com/buidangphuc/team-domain/internal/repository/listing.go:124:		Get				100.0%
github.com/buidangphuc/team-domain/internal/repository/listing.go:135:		List				100.0%
github.com/buidangphuc/team-domain/internal/repository/listing.go:142:		ListByOwner			100.0%
github.com/buidangphuc/team-domain/internal/repository/listing.go:149:		page				95.0%
github.com/buidangphuc/team-domain/internal/repository/listing.go:180:		Create				100.0%
github.com/buidangphuc/team-domain/internal/repository/listing.go:188:		Update				83.3%
github.com/buidangphuc/team-domain/internal/repository/listing.go:199:		Delete				85.7%
github.com/buidangphuc/team-domain/internal/repository/listing.go:211:		ReserveStock			52.6%
github.com/buidangphuc/team-domain/internal/repository/listing.go:240:		ReleaseStock			53.3%
github.com/buidangphuc/team-domain/internal/repository/listing_pg.go:18:	NewPostgresListingRepository	0.0%
github.com/buidangphuc/team-domain/internal/repository/listing_pg.go:24:	scanListing			0.0%
github.com/buidangphuc/team-domain/internal/repository/listing_pg.go:29:	Get				0.0%
github.com/buidangphuc/team-domain/internal/repository/listing_pg.go:46:	loadVariants			0.0%
github.com/buidangphuc/team-domain/internal/repository/listing_pg.go:66:	List				0.0%
github.com/buidangphuc/team-domain/internal/repository/listing_pg.go:85:	ListByOwner			0.0%
github.com/buidangphuc/team-domain/internal/repository/listing_pg.go:105:	queryPage			0.0%
github.com/buidangphuc/team-domain/internal/repository/listing_pg.go:133:	Create				0.0%
github.com/buidangphuc/team-domain/internal/repository/listing_pg.go:168:	Update				0.0%
github.com/buidangphuc/team-domain/internal/repository/listing_pg.go:211:	Delete				0.0%
github.com/buidangphuc/team-domain/internal/repository/listing_pg.go:224:	ReserveStock			0.0%
github.com/buidangphuc/team-domain/internal/repository/listing_pg.go:262:	ReleaseStock			0.0%
github.com/buidangphuc/team-domain/internal/repository/listing_pg.go:289:	count				0.0%
github.com/buidangphuc/team-domain/internal/service/listing.go:23:		NewListingService		100.0%
github.com/buidangphuc/team-domain/internal/service/listing.go:28:		Get				100.0%
github.com/buidangphuc/team-domain/internal/service/listing.go:33:		List				100.0%
github.com/buidangphuc/team-domain/internal/service/listing.go:38:		ListMine			100.0%
github.com/buidangphuc/team-domain/internal/service/listing.go:44:		Create				100.0%
github.com/buidangphuc/team-domain/internal/service/listing.go:54:		Update				85.7%
github.com/buidangphuc/team-domain/internal/service/listing.go:68:		Delete				83.3%
github.com/buidangphuc/team-domain/internal/service/listing.go:80:		ReserveStock			0.0%
github.com/buidangphuc/team-domain/internal/service/listing.go:85:		ReleaseStock			0.0%
github.com/buidangphuc/team-domain/internal/storage/storage.go:30:		NewS3Storage			100.0%
github.com/buidangphuc/team-domain/internal/storage/storage.go:35:		GetPresignedUploadURL		78.0%
github.com/buidangphuc/team-domain/internal/storage/storage.go:132:		hmacSHA256			100.0%
github.com/buidangphuc/team-domain/internal/storage/storage.go:138:		sha256Hex			100.0%
github.com/buidangphuc/team-domain/internal/storage/storage.go:143:		getSignatureKey			100.0%
total:										(statements)			43.7%
