github.com/buidangphuc/team-search/internal/bootstrap/bootstrap.go:26:		OpenResources			0.0%
github.com/buidangphuc/team-search/internal/bootstrap/bootstrap.go:41:		CloseResources			0.0%
github.com/buidangphuc/team-search/internal/config/config.go:61:		LoadSettings			66.7%
github.com/buidangphuc/team-search/internal/config/config.go:73:		Validate			71.4%
github.com/buidangphuc/team-search/internal/config/config.go:86:		IsProd				0.0%
github.com/buidangphuc/team-search/internal/config/config.go:92:		KafkaBrokers			0.0%
github.com/buidangphuc/team-search/internal/config/config.go:94:		splitCSV			0.0%
github.com/buidangphuc/team-search/internal/config/config.go:106:		DeclaredEnvKeys			100.0%
github.com/buidangphuc/team-search/internal/config/config.go:120:		bindGroups			80.0%
github.com/buidangphuc/team-search/internal/config/config.go:143:		setField			75.0%
github.com/buidangphuc/team-search/internal/config/envcheck.go:20:		CheckEnvExample			50.0%
github.com/buidangphuc/team-search/internal/config/envcheck.go:61:		parseEnvExampleKeys		86.7%
github.com/buidangphuc/team-search/internal/consumer/consumer.go:24:		New				0.0%
github.com/buidangphuc/team-search/internal/consumer/consumer.go:39:		Run				0.0%
github.com/buidangphuc/team-search/internal/consumer/consumer.go:75:		Close				0.0%
github.com/buidangphuc/team-search/internal/consumer/listing.go:25:		ListingEventHandler		0.0%
github.com/buidangphuc/team-search/internal/consumer/listing.go:107:		toDoc				0.0%
github.com/buidangphuc/team-search/internal/consumer/listing.go:119:		statusString			0.0%
github.com/buidangphuc/team-search/internal/grpcserver/server.go:23:		Build				88.9%
github.com/buidangphuc/team-search/internal/index/opensearch.go:61:		New				0.0%
github.com/buidangphuc/team-search/internal/index/opensearch.go:93:		EnsureIndex			0.0%
github.com/buidangphuc/team-search/internal/index/opensearch.go:121:		Upsert				0.0%
github.com/buidangphuc/team-search/internal/index/opensearch.go:143:		PartialUpdate			0.0%
github.com/buidangphuc/team-search/internal/index/opensearch.go:169:		Delete				0.0%
github.com/buidangphuc/team-search/internal/index/opensearch.go:200:		Search				0.0%
github.com/buidangphuc/team-search/internal/index/opensearch.go:270:		Suggest				0.0%
github.com/buidangphuc/team-search/internal/index/opensearch.go:301:		doSearch			0.0%
github.com/buidangphuc/team-search/internal/interceptor/auth.go:31:		PrincipalFromContext		100.0%
github.com/buidangphuc/team-search/internal/interceptor/auth.go:36:		contextWithPrincipal		100.0%
github.com/buidangphuc/team-search/internal/interceptor/auth.go:43:		principalFromMetadata		85.7%
github.com/buidangphuc/team-search/internal/interceptor/auth.go:59:		firstMD				100.0%
github.com/buidangphuc/team-search/internal/interceptor/auth.go:66:		splitScopes			100.0%
github.com/buidangphuc/team-search/internal/interceptor/auth.go:77:		parsePrincipalType		40.0%
github.com/buidangphuc/team-search/internal/interceptor/auth.go:91:		UnaryServerInterceptor		100.0%
github.com/buidangphuc/team-search/internal/interceptor/auth.go:106:		StreamServerInterceptor		20.0%
github.com/buidangphuc/team-search/internal/interceptor/auth.go:127:		Context				0.0%
github.com/buidangphuc/team-search/internal/interceptor/auth.go:131:		RequireScopes			100.0%
github.com/buidangphuc/team-search/internal/interceptor/tracing.go:29:		OTelStatsHandler		100.0%
github.com/buidangphuc/team-search/internal/interceptor/tracing.go:34:		RequestIDFromContext		0.0%
github.com/buidangphuc/team-search/internal/interceptor/tracing.go:43:		RequestIDUnaryInterceptor	100.0%
github.com/buidangphuc/team-search/internal/interceptor/tracing.go:60:		RequestIDStreamInterceptor	25.0%
github.com/buidangphuc/team-search/internal/interceptor/tracing.go:78:		withRequestID			100.0%
github.com/buidangphuc/team-search/internal/interceptor/tracing.go:86:		incomingRequestID		66.7%
github.com/buidangphuc/team-search/internal/interceptor/tracing.go:99:		newRequestID			75.0%
github.com/buidangphuc/team-search/internal/observability/logging.go:12:	NewLogger			0.0%
github.com/buidangphuc/team-search/internal/observability/tracer.go:22:		InitTracer			0.0%
total:										(statements)			32.7%
