github.com/buidangphuc/team-engagement/internal/bootstrap/lifecycle.go:20:		OpenResources			0.0%
github.com/buidangphuc/team-engagement/internal/bootstrap/lifecycle.go:37:		CloseResources			0.0%
github.com/buidangphuc/team-engagement/internal/bootstrap/lifecycle.go:52:		openPostgres			0.0%
github.com/buidangphuc/team-engagement/internal/bootstrap/lifecycle.go:73:		startDBHealthCheck		0.0%
github.com/buidangphuc/team-engagement/internal/config/config.go:48:			LoadSettings			66.7%
github.com/buidangphuc/team-engagement/internal/config/config.go:59:			Validate			60.0%
github.com/buidangphuc/team-engagement/internal/config/config.go:69:			IsProd				0.0%
github.com/buidangphuc/team-engagement/internal/config/config.go:74:			DeclaredEnvKeys			100.0%
github.com/buidangphuc/team-engagement/internal/config/config.go:88:			bindGroups			86.7%
github.com/buidangphuc/team-engagement/internal/config/config.go:111:			setField			75.0%
github.com/buidangphuc/team-engagement/internal/config/envcheck.go:20:			CheckEnvExample			50.0%
github.com/buidangphuc/team-engagement/internal/config/envcheck.go:61:			parseEnvExampleKeys		86.7%
github.com/buidangphuc/team-engagement/internal/grpcserver/server.go:20:		Build				88.9%
github.com/buidangphuc/team-engagement/internal/handler/engagement.go:28:		NewEngagementHandler		100.0%
github.com/buidangphuc/team-engagement/internal/handler/engagement.go:42:		userID				66.7%
github.com/buidangphuc/team-engagement/internal/handler/engagement.go:49:		AddFavorite			57.1%
github.com/buidangphuc/team-engagement/internal/handler/engagement.go:64:		RemoveFavorite			57.1%
github.com/buidangphuc/team-engagement/internal/handler/engagement.go:79:		IsFavorite			66.7%
github.com/buidangphuc/team-engagement/internal/handler/engagement.go:92:		ListFavorites			81.8%
github.com/buidangphuc/team-engagement/internal/handler/engagement.go:115:		RecordView			66.7%
github.com/buidangphuc/team-engagement/internal/handler/engagement.go:129:		GetListingStats			75.0%
github.com/buidangphuc/team-engagement/internal/handler/engagement.go:141:		CreateReview			0.0%
github.com/buidangphuc/team-engagement/internal/handler/engagement.go:177:		ListReviews			0.0%
github.com/buidangphuc/team-engagement/internal/handler/engagement.go:210:		GetListingRatingSummary		0.0%
github.com/buidangphuc/team-engagement/internal/handler/engagement.go:241:		AskQuestion			66.7%
github.com/buidangphuc/team-engagement/internal/handler/engagement.go:267:		AnswerQuestion			64.3%
github.com/buidangphuc/team-engagement/internal/handler/engagement.go:296:		ListQuestionsByListing		78.6%
github.com/buidangphuc/team-engagement/internal/handler/engagement.go:331:		CreateDispute			58.8%
github.com/buidangphuc/team-engagement/internal/handler/engagement.go:364:		GetDispute			66.7%
github.com/buidangphuc/team-engagement/internal/handler/engagement.go:390:		ResolveDispute			57.9%
github.com/buidangphuc/team-engagement/internal/handler/engagement.go:429:		toWireReview			0.0%
github.com/buidangphuc/team-engagement/internal/handler/engagement.go:442:		toWireQuestion			100.0%
github.com/buidangphuc/team-engagement/internal/handler/engagement.go:457:		toWireAnswer			100.0%
github.com/buidangphuc/team-engagement/internal/handler/engagement.go:468:		toWireDispute			100.0%
github.com/buidangphuc/team-engagement/internal/handler/engagement.go:483:		toDomainDisputeStatus		50.0%
github.com/buidangphuc/team-engagement/internal/handler/engagement.go:498:		toProtoDisputeStatus		50.0%
github.com/buidangphuc/team-engagement/internal/interceptor/auth.go:31:			PrincipalFromContext		100.0%
github.com/buidangphuc/team-engagement/internal/interceptor/auth.go:37:			ContextWithPrincipal		100.0%
github.com/buidangphuc/team-engagement/internal/interceptor/auth.go:41:			contextWithPrincipal		100.0%
github.com/buidangphuc/team-engagement/internal/interceptor/auth.go:48:			principalFromMetadata		85.7%
github.com/buidangphuc/team-engagement/internal/interceptor/auth.go:64:			firstMD				100.0%
github.com/buidangphuc/team-engagement/internal/interceptor/auth.go:71:			splitScopes			100.0%
github.com/buidangphuc/team-engagement/internal/interceptor/auth.go:82:			parsePrincipalType		40.0%
github.com/buidangphuc/team-engagement/internal/interceptor/auth.go:96:			UnaryServerInterceptor		100.0%
github.com/buidangphuc/team-engagement/internal/interceptor/auth.go:111:		StreamServerInterceptor		20.0%
github.com/buidangphuc/team-engagement/internal/interceptor/auth.go:132:		Context				0.0%
github.com/buidangphuc/team-engagement/internal/interceptor/auth.go:136:		RequireScopes			90.0%
github.com/buidangphuc/team-engagement/internal/interceptor/tracing.go:29:		OTelStatsHandler		100.0%
github.com/buidangphuc/team-engagement/internal/interceptor/tracing.go:34:		RequestIDFromContext		0.0%
github.com/buidangphuc/team-engagement/internal/interceptor/tracing.go:43:		RequestIDUnaryInterceptor	100.0%
github.com/buidangphuc/team-engagement/internal/interceptor/tracing.go:60:		RequestIDStreamInterceptor	25.0%
github.com/buidangphuc/team-engagement/internal/interceptor/tracing.go:78:		withRequestID			100.0%
github.com/buidangphuc/team-engagement/internal/interceptor/tracing.go:86:		incomingRequestID		66.7%
github.com/buidangphuc/team-engagement/internal/interceptor/tracing.go:99:		newRequestID			75.0%
github.com/buidangphuc/team-engagement/internal/observability/tracer.go:22:		InitTracer			0.0%
github.com/buidangphuc/team-engagement/internal/repository/dispute.go:53:		NewPostgresDisputeRepository	0.0%
github.com/buidangphuc/team-engagement/internal/repository/dispute.go:59:		CreateDispute			0.0%
github.com/buidangphuc/team-engagement/internal/repository/dispute.go:85:		GetDispute			0.0%
github.com/buidangphuc/team-engagement/internal/repository/dispute.go:104:		UpdateDispute			0.0%
github.com/buidangphuc/team-engagement/internal/repository/dispute.go:133:		NewInMemoryDisputeRepository	100.0%
github.com/buidangphuc/team-engagement/internal/repository/dispute.go:139:		CreateDispute			93.3%
github.com/buidangphuc/team-engagement/internal/repository/dispute.go:164:		GetDispute			100.0%
github.com/buidangphuc/team-engagement/internal/repository/dispute.go:175:		UpdateDispute			100.0%
github.com/buidangphuc/team-engagement/internal/repository/engagement.go:17:		clampPageSize			0.0%
github.com/buidangphuc/team-engagement/internal/repository/engagement.go:55:		NewInMemoryRepository		0.0%
github.com/buidangphuc/team-engagement/internal/repository/engagement.go:59:		AddFavorite			0.0%
github.com/buidangphuc/team-engagement/internal/repository/engagement.go:74:		RemoveFavorite			0.0%
github.com/buidangphuc/team-engagement/internal/repository/engagement.go:88:		IsFavorite			0.0%
github.com/buidangphuc/team-engagement/internal/repository/engagement.go:95:		ListFavorites			0.0%
github.com/buidangphuc/team-engagement/internal/repository/engagement.go:119:		RecordView			0.0%
github.com/buidangphuc/team-engagement/internal/repository/engagement.go:126:		GetStats			0.0%
github.com/buidangphuc/team-engagement/internal/repository/engagement_pg.go:17:		NewPostgresRepository		0.0%
github.com/buidangphuc/team-engagement/internal/repository/engagement_pg.go:21:		AddFavorite			0.0%
github.com/buidangphuc/team-engagement/internal/repository/engagement_pg.go:40:		RemoveFavorite			0.0%
github.com/buidangphuc/team-engagement/internal/repository/engagement_pg.go:56:		IsFavorite			0.0%
github.com/buidangphuc/team-engagement/internal/repository/engagement_pg.go:67:		ListFavorites			0.0%
github.com/buidangphuc/team-engagement/internal/repository/engagement_pg.go:104:	RecordView			0.0%
github.com/buidangphuc/team-engagement/internal/repository/engagement_pg.go:117:	GetStats			0.0%
github.com/buidangphuc/team-engagement/internal/repository/qa.go:51:			NewPostgresQARepository		0.0%
github.com/buidangphuc/team-engagement/internal/repository/qa.go:60:			CreateQuestion			0.0%
github.com/buidangphuc/team-engagement/internal/repository/qa.go:79:			GetQuestionByID			0.0%
github.com/buidangphuc/team-engagement/internal/repository/qa.go:97:			CreateAnswer			0.0%
github.com/buidangphuc/team-engagement/internal/repository/qa.go:113:			ListQuestionsByListing		0.0%
github.com/buidangphuc/team-engagement/internal/repository/qa.go:158:			getAnswersForQuestion		0.0%
github.com/buidangphuc/team-engagement/internal/repository/qa.go:169:			getAnswersForQuestions		0.0%
github.com/buidangphuc/team-engagement/internal/repository/qa.go:196:			NewInMemoryQARepository		100.0%
github.com/buidangphuc/team-engagement/internal/repository/qa.go:203:			CreateQuestion			100.0%
github.com/buidangphuc/team-engagement/internal/repository/qa.go:220:			GetQuestionByID			90.9%
github.com/buidangphuc/team-engagement/internal/repository/qa.go:239:			CreateAnswer			100.0%
github.com/buidangphuc/team-engagement/internal/repository/qa.go:268:			ListQuestionsByListing		100.0%
github.com/buidangphuc/team-engagement/internal/repository/review.go:52:		NewPostgresReviewRepository	0.0%
github.com/buidangphuc/team-engagement/internal/repository/review.go:58:		CreateReview			0.0%
github.com/buidangphuc/team-engagement/internal/repository/review.go:72:		ListReviews			0.0%
github.com/buidangphuc/team-engagement/internal/repository/review.go:109:		GetRatingSummary		0.0%
github.com/buidangphuc/team-engagement/internal/repository/review.go:163:		NewInMemoryReviewRepository	0.0%
github.com/buidangphuc/team-engagement/internal/repository/review.go:167:		CreateReview			0.0%
github.com/buidangphuc/team-engagement/internal/repository/review.go:178:		ListReviews			0.0%
github.com/buidangphuc/team-engagement/internal/repository/review.go:203:		GetRatingSummary		0.0%
github.com/buidangphuc/team-engagement/internal/service/dispute.go:29:			NewDisputeService		100.0%
github.com/buidangphuc/team-engagement/internal/service/dispute.go:36:			CreateDispute			95.7%
github.com/buidangphuc/team-engagement/internal/service/dispute.go:84:			GetDispute			100.0%
github.com/buidangphuc/team-engagement/internal/service/dispute.go:92:			ResolveDispute			87.5%
github.com/buidangphuc/team-engagement/internal/service/qa.go:25:			NewQAService			100.0%
github.com/buidangphuc/team-engagement/internal/service/qa.go:32:			AskQuestion			92.9%
github.com/buidangphuc/team-engagement/internal/service/qa.go:62:			AnswerQuestion			92.9%
github.com/buidangphuc/team-engagement/internal/service/qa.go:94:			ListQuestionsByListing		77.8%
github.com/buidangphuc/team-engagement/internal/service/review.go:22:			NewReviewService		0.0%
github.com/buidangphuc/team-engagement/internal/service/review.go:29:			CreateReview			0.0%
github.com/buidangphuc/team-engagement/internal/service/review.go:58:			ListReviews			0.0%
github.com/buidangphuc/team-engagement/internal/service/review.go:77:			GetRatingSummary		0.0%
total:											(statements)			41.2%
