github.com/buidangphuc/team-chat/internal/bootstrap/resources.go:23:	OpenResources			0.0%
github.com/buidangphuc/team-chat/internal/bootstrap/resources.go:65:	CloseResources			0.0%
github.com/buidangphuc/team-chat/internal/config/config.go:63:		LoadSettings			0.0%
github.com/buidangphuc/team-chat/internal/config/config.go:115:		KafkaBrokers			0.0%
github.com/buidangphuc/team-chat/internal/config/config.go:126:		DSN				0.0%
github.com/buidangphuc/team-chat/internal/config/config.go:131:		getEnv				0.0%
github.com/buidangphuc/team-chat/internal/events/publisher.go:33:	PublishMessageSent		100.0%
github.com/buidangphuc/team-chat/internal/events/publisher.go:37:	Close				0.0%
github.com/buidangphuc/team-chat/internal/events/publisher.go:46:	NewKafkaPublisher		75.0%
github.com/buidangphuc/team-chat/internal/events/publisher.go:57:	produceEnvelope			0.0%
github.com/buidangphuc/team-chat/internal/events/publisher.go:78:	PublishMessageSent		0.0%
github.com/buidangphuc/team-chat/internal/events/publisher.go:92:	Close				100.0%
github.com/buidangphuc/team-chat/internal/grpcserver/server.go:17:	Build				88.9%
github.com/buidangphuc/team-chat/internal/handler/chat.go:28:		NewChatHandler			60.0%
github.com/buidangphuc/team-chat/internal/handler/chat.go:42:		GetOrCreateThread		76.9%
github.com/buidangphuc/team-chat/internal/handler/chat.go:77:		ListThreads			65.0%
github.com/buidangphuc/team-chat/internal/handler/chat.go:122:		GetThreadMessages		57.7%
github.com/buidangphuc/team-chat/internal/handler/chat.go:176:		SendMessage			81.8%
github.com/buidangphuc/team-chat/internal/handler/chat.go:220:		MarkThreadRead			58.3%
github.com/buidangphuc/team-chat/internal/handler/chat.go:245:		toWireThread			75.0%
github.com/buidangphuc/team-chat/internal/handler/chat.go:266:		toWireMessage			100.0%
github.com/buidangphuc/team-chat/internal/interceptor/auth.go:23:	PrincipalFromContext		100.0%
github.com/buidangphuc/team-chat/internal/interceptor/auth.go:28:	ContextWithPrincipal		100.0%
github.com/buidangphuc/team-chat/internal/interceptor/auth.go:32:	principalFromMetadata		71.4%
github.com/buidangphuc/team-chat/internal/interceptor/auth.go:48:	firstMD				66.7%
github.com/buidangphuc/team-chat/internal/interceptor/auth.go:55:	splitScopes			100.0%
github.com/buidangphuc/team-chat/internal/interceptor/auth.go:66:	parsePrincipalType		40.0%
github.com/buidangphuc/team-chat/internal/interceptor/auth.go:79:	AuthUnaryInterceptor		100.0%
github.com/buidangphuc/team-chat/internal/interceptor/auth.go:93:	RequirePrincipal		100.0%
github.com/buidangphuc/team-chat/internal/interceptor/tracing.go:19:	OTelStatsHandler		100.0%
github.com/buidangphuc/team-chat/internal/interceptor/tracing.go:23:	RequestIDFromContext		100.0%
github.com/buidangphuc/team-chat/internal/interceptor/tracing.go:28:	RequestIDUnaryInterceptor	0.0%
github.com/buidangphuc/team-chat/internal/interceptor/tracing.go:44:	RequestIDStreamInterceptor	0.0%
github.com/buidangphuc/team-chat/internal/interceptor/tracing.go:60:	withRequestID			0.0%
github.com/buidangphuc/team-chat/internal/interceptor/tracing.go:68:	incomingRequestID		0.0%
github.com/buidangphuc/team-chat/internal/interceptor/tracing.go:79:	newRequestID			0.0%
github.com/buidangphuc/team-chat/internal/interceptor/tracing.go:92:	Context				0.0%
github.com/buidangphuc/team-chat/internal/observability/tracer.go:22:	InitTracer			0.0%
github.com/buidangphuc/team-chat/internal/repository/chat.go:57:	NewPostgresChatRepository	0.0%
github.com/buidangphuc/team-chat/internal/repository/chat.go:63:	scanThread			0.0%
github.com/buidangphuc/team-chat/internal/repository/chat.go:82:	GetOrCreateThread		0.0%
github.com/buidangphuc/team-chat/internal/repository/chat.go:122:	GetThreadByID			0.0%
github.com/buidangphuc/team-chat/internal/repository/chat.go:131:	ListThreadsForUser		0.0%
github.com/buidangphuc/team-chat/internal/repository/chat.go:154:	SaveMessage			0.0%
github.com/buidangphuc/team-chat/internal/repository/chat.go:190:	GetThreadMessages		0.0%
github.com/buidangphuc/team-chat/internal/repository/chat.go:214:	MarkThreadRead			0.0%
github.com/buidangphuc/team-chat/internal/repository/chat.go:231:	NewInMemoryChatRepository	100.0%
github.com/buidangphuc/team-chat/internal/repository/chat.go:238:	GetOrCreateThread		100.0%
github.com/buidangphuc/team-chat/internal/repository/chat.go:266:	GetThreadByID			100.0%
github.com/buidangphuc/team-chat/internal/repository/chat.go:277:	ListThreadsForUser		93.3%
github.com/buidangphuc/team-chat/internal/repository/chat.go:303:	SaveMessage			100.0%
github.com/buidangphuc/team-chat/internal/repository/chat.go:329:	GetThreadMessages		90.0%
github.com/buidangphuc/team-chat/internal/repository/chat.go:345:	MarkThreadRead			88.9%
github.com/buidangphuc/team-chat/internal/service/chat.go:25:		NewChatService			66.7%
github.com/buidangphuc/team-chat/internal/service/chat.go:32:		GetOrCreateThread		100.0%
github.com/buidangphuc/team-chat/internal/service/chat.go:45:		ListThreads			75.0%
github.com/buidangphuc/team-chat/internal/service/chat.go:63:		GetThreadMessages		76.9%
github.com/buidangphuc/team-chat/internal/service/chat.go:89:		SendMessage			93.8%
github.com/buidangphuc/team-chat/internal/service/chat.go:125:		GetThread			70.0%
github.com/buidangphuc/team-chat/internal/service/chat.go:142:		MarkThreadRead			80.0%
total:									(statements)			50.0%
