github.com/buidangphuc/team-order/internal/bootstrap/resources.go:21:	InitResources			0.0%
github.com/buidangphuc/team-order/internal/bootstrap/resources.go:52:	CloseResources			0.0%
github.com/buidangphuc/team-order/internal/config/config.go:50:		LoadSettings			66.7%
github.com/buidangphuc/team-order/internal/config/config.go:61:		Validate			60.0%
github.com/buidangphuc/team-order/internal/config/config.go:71:		IsProd				0.0%
github.com/buidangphuc/team-order/internal/config/config.go:76:		DeclaredEnvKeys			0.0%
github.com/buidangphuc/team-order/internal/config/config.go:90:		bindGroups			86.7%
github.com/buidangphuc/team-order/internal/config/config.go:113:	setField			75.0%
github.com/buidangphuc/team-order/internal/grpcserver/server.go:17:	Build				91.7%
github.com/buidangphuc/team-order/internal/handler/cart.go:23:		NewCartHandler			0.0%
github.com/buidangphuc/team-order/internal/handler/cart.go:30:		GetCart				0.0%
github.com/buidangphuc/team-order/internal/handler/cart.go:42:		AddToCart			0.0%
github.com/buidangphuc/team-order/internal/handler/cart.go:57:		UpdateCartItem			0.0%
github.com/buidangphuc/team-order/internal/handler/cart.go:72:		RemoveFromCart			0.0%
github.com/buidangphuc/team-order/internal/handler/cart.go:87:		ClearCart			0.0%
github.com/buidangphuc/team-order/internal/handler/cart.go:98:		toWireCart			0.0%
github.com/buidangphuc/team-order/internal/handler/order.go:30:		NewOrderHandler			100.0%
github.com/buidangphuc/team-order/internal/handler/order.go:37:		CreateOrder			0.0%
github.com/buidangphuc/team-order/internal/handler/order.go:82:		CalculateShippingFee		100.0%
github.com/buidangphuc/team-order/internal/handler/order.go:91:		GetOrder			0.0%
github.com/buidangphuc/team-order/internal/handler/order.go:112:	ListBuyerOrders			0.0%
github.com/buidangphuc/team-order/internal/handler/order.go:128:	ListSellerOrders		0.0%
github.com/buidangphuc/team-order/internal/handler/order.go:144:	UpdateOrderStatus		0.0%
github.com/buidangphuc/team-order/internal/handler/order.go:179:	CancelOrder			0.0%
github.com/buidangphuc/team-order/internal/handler/order.go:207:	GetSagaState			80.0%
github.com/buidangphuc/team-order/internal/handler/order.go:278:	ForceFailSaga			66.7%
github.com/buidangphuc/team-order/internal/handler/order.go:303:	CreateReturnRequest		36.8%
github.com/buidangphuc/team-order/internal/handler/order.go:337:	GetReturnRequest		53.8%
github.com/buidangphuc/team-order/internal/handler/order.go:363:	UpdateReturnStatus		50.0%
github.com/buidangphuc/team-order/internal/handler/order.go:403:	CreateShipment			56.2%
github.com/buidangphuc/team-order/internal/handler/order.go:434:	GetShipmentTracking		50.0%
github.com/buidangphuc/team-order/internal/handler/order.go:452:	toRepoAddress			0.0%
github.com/buidangphuc/team-order/internal/handler/order.go:469:	toWireOrder			0.0%
github.com/buidangphuc/team-order/internal/handler/order.go:512:	toWireOrderReturn		100.0%
github.com/buidangphuc/team-order/internal/handler/order.go:526:	toWireShipmentCheckpoint	100.0%
github.com/buidangphuc/team-order/internal/handler/order.go:537:	toWireShipment			100.0%
github.com/buidangphuc/team-order/internal/handler/order.go:554:	isAdminOrUser			44.4%
github.com/buidangphuc/team-order/internal/interceptor/auth.go:23:	PrincipalFromContext		100.0%
github.com/buidangphuc/team-order/internal/interceptor/auth.go:28:	ContextWithPrincipal		100.0%
github.com/buidangphuc/team-order/internal/interceptor/auth.go:32:	principalFromMetadata		71.4%
github.com/buidangphuc/team-order/internal/interceptor/auth.go:48:	firstMD				66.7%
github.com/buidangphuc/team-order/internal/interceptor/auth.go:55:	splitScopes			100.0%
github.com/buidangphuc/team-order/internal/interceptor/auth.go:66:	parsePrincipalType		60.0%
github.com/buidangphuc/team-order/internal/interceptor/auth.go:79:	AuthUnaryInterceptor		100.0%
github.com/buidangphuc/team-order/internal/interceptor/auth.go:93:	RequirePrincipal		75.0%
github.com/buidangphuc/team-order/internal/interceptor/tracing.go:19:	OTelStatsHandler		100.0%
github.com/buidangphuc/team-order/internal/interceptor/tracing.go:23:	RequestIDFromContext		0.0%
github.com/buidangphuc/team-order/internal/interceptor/tracing.go:28:	RequestIDUnaryInterceptor	100.0%
github.com/buidangphuc/team-order/internal/interceptor/tracing.go:44:	RequestIDStreamInterceptor	25.0%
github.com/buidangphuc/team-order/internal/interceptor/tracing.go:60:	withRequestID			100.0%
github.com/buidangphuc/team-order/internal/interceptor/tracing.go:68:	incomingRequestID		66.7%
github.com/buidangphuc/team-order/internal/interceptor/tracing.go:79:	newRequestID			75.0%
github.com/buidangphuc/team-order/internal/interceptor/tracing.go:92:	Context				0.0%
github.com/buidangphuc/team-order/internal/repository/cart.go:42:	NewPostgresCartRepository	0.0%
github.com/buidangphuc/team-order/internal/repository/cart.go:48:	scanCartItem			0.0%
github.com/buidangphuc/team-order/internal/repository/cart.go:63:	GetCart				0.0%
github.com/buidangphuc/team-order/internal/repository/cart.go:82:	AddItem				0.0%
github.com/buidangphuc/team-order/internal/repository/cart.go:102:	UpdateItem			0.0%
github.com/buidangphuc/team-order/internal/repository/cart.go:117:	RemoveItem			0.0%
github.com/buidangphuc/team-order/internal/repository/cart.go:129:	ClearCart			0.0%
github.com/buidangphuc/team-order/internal/repository/cart.go:135:	RemoveItems			0.0%
github.com/buidangphuc/team-order/internal/repository/cart.go:150:	NewInMemoryCartRepository	100.0%
github.com/buidangphuc/team-order/internal/repository/cart.go:154:	GetCart				100.0%
github.com/buidangphuc/team-order/internal/repository/cart.go:166:	AddItem				54.5%
github.com/buidangphuc/team-order/internal/repository/cart.go:196:	UpdateItem			72.7%
github.com/buidangphuc/team-order/internal/repository/cart.go:213:	RemoveItem			75.0%
github.com/buidangphuc/team-order/internal/repository/cart.go:225:	ClearCart			0.0%
github.com/buidangphuc/team-order/internal/repository/cart.go:236:	RemoveItems			0.0%
github.com/buidangphuc/team-order/internal/repository/order.go:83:	NewPostgresOrderRepository	0.0%
github.com/buidangphuc/team-order/internal/repository/order.go:90:	scanOrder			0.0%
github.com/buidangphuc/team-order/internal/repository/order.go:103:	CreateOrder			0.0%
github.com/buidangphuc/team-order/internal/repository/order.go:152:	loadItems			0.0%
github.com/buidangphuc/team-order/internal/repository/order.go:171:	GetOrder			0.0%
github.com/buidangphuc/team-order/internal/repository/order.go:188:	ListBuyerOrders			0.0%
github.com/buidangphuc/team-order/internal/repository/order.go:227:	ListSellerOrders		0.0%
github.com/buidangphuc/team-order/internal/repository/order.go:266:	UpdateOrderStatus		0.0%
github.com/buidangphuc/team-order/internal/repository/order.go:298:	NewInMemoryOrderRepository	100.0%
github.com/buidangphuc/team-order/internal/repository/order.go:302:	CreateOrder			93.8%
github.com/buidangphuc/team-order/internal/repository/order.go:326:	GetOrder			83.3%
github.com/buidangphuc/team-order/internal/repository/order.go:336:	ListBuyerOrders			100.0%
github.com/buidangphuc/team-order/internal/repository/order.go:350:	ListSellerOrders		100.0%
github.com/buidangphuc/team-order/internal/repository/order.go:364:	UpdateOrderStatus		90.9%
github.com/buidangphuc/team-order/internal/repository/return.go:55:	NewPostgresReturnRepository	0.0%
github.com/buidangphuc/team-order/internal/repository/return.go:61:	scanReturn			0.0%
github.com/buidangphuc/team-order/internal/repository/return.go:70:	CreateReturn			0.0%
github.com/buidangphuc/team-order/internal/repository/return.go:88:	GetReturn			0.0%
github.com/buidangphuc/team-order/internal/repository/return.go:100:	GetReturnByOrderID		0.0%
github.com/buidangphuc/team-order/internal/repository/return.go:112:	ListReturnsByBuyer		0.0%
github.com/buidangphuc/team-order/internal/repository/return.go:131:	ListReturnsBySeller		0.0%
github.com/buidangphuc/team-order/internal/repository/return.go:150:	UpdateReturnStatus		0.0%
github.com/buidangphuc/team-order/internal/repository/return.go:168:	NewInMemoryReturnRepository	100.0%
github.com/buidangphuc/team-order/internal/repository/return.go:174:	CreateReturn			100.0%
github.com/buidangphuc/team-order/internal/repository/return.go:191:	GetReturn			100.0%
github.com/buidangphuc/team-order/internal/repository/return.go:202:	GetReturnByOrderID		100.0%
github.com/buidangphuc/team-order/internal/repository/return.go:214:	ListReturnsByBuyer		100.0%
github.com/buidangphuc/team-order/internal/repository/return.go:227:	ListReturnsBySeller		100.0%
github.com/buidangphuc/team-order/internal/repository/return.go:240:	UpdateReturnStatus		88.9%
github.com/buidangphuc/team-order/internal/repository/shipment.go:64:	NewPostgresShipmentRepository	0.0%
github.com/buidangphuc/team-order/internal/repository/shipment.go:71:	scanShipment			0.0%
github.com/buidangphuc/team-order/internal/repository/shipment.go:80:	loadCheckpoints			0.0%
github.com/buidangphuc/team-order/internal/repository/shipment.go:99:	CreateShipment			0.0%
github.com/buidangphuc/team-order/internal/repository/shipment.go:145:	GetShipment			0.0%
github.com/buidangphuc/team-order/internal/repository/shipment.go:162:	GetShipmentByTrackingCode	0.0%
github.com/buidangphuc/team-order/internal/repository/shipment.go:179:	GetShipmentByOrderID		0.0%
github.com/buidangphuc/team-order/internal/repository/shipment.go:196:	AddShipmentCheckpoint		0.0%
github.com/buidangphuc/team-order/internal/repository/shipment.go:213:	UpdateShipmentStatus		0.0%
github.com/buidangphuc/team-order/internal/repository/shipment.go:237:	NewInMemoryShipmentRepository	100.0%
github.com/buidangphuc/team-order/internal/repository/shipment.go:244:	CreateShipment			94.7%
github.com/buidangphuc/team-order/internal/repository/shipment.go:274:	GetShipment			100.0%
github.com/buidangphuc/team-order/internal/repository/shipment.go:286:	GetShipmentByTrackingCode	100.0%
github.com/buidangphuc/team-order/internal/repository/shipment.go:299:	GetShipmentByOrderID		100.0%
github.com/buidangphuc/team-order/internal/repository/shipment.go:312:	AddShipmentCheckpoint		81.8%
github.com/buidangphuc/team-order/internal/repository/shipment.go:332:	UpdateShipmentStatus		90.0%
github.com/buidangphuc/team-order/internal/service/cart.go:19:		NewCartService			0.0%
github.com/buidangphuc/team-order/internal/service/cart.go:30:		GetCart				0.0%
github.com/buidangphuc/team-order/internal/service/cart.go:42:		AddToCart			0.0%
github.com/buidangphuc/team-order/internal/service/cart.go:101:		UpdateCartItem			0.0%
github.com/buidangphuc/team-order/internal/service/cart.go:108:		RemoveFromCart			0.0%
github.com/buidangphuc/team-order/internal/service/cart.go:115:		ClearCart			0.0%
github.com/buidangphuc/team-order/internal/service/order.go:38:		NewOrderService			100.0%
github.com/buidangphuc/team-order/internal/service/order.go:73:		CalculateShippingFee		100.0%
github.com/buidangphuc/team-order/internal/service/order.go:84:		CreateOrdersFromCart		0.0%
github.com/buidangphuc/team-order/internal/service/order.go:220:	GetOrder			100.0%
github.com/buidangphuc/team-order/internal/service/order.go:224:	ListBuyerOrders			0.0%
github.com/buidangphuc/team-order/internal/service/order.go:228:	ListSellerOrders		0.0%
github.com/buidangphuc/team-order/internal/service/order.go:232:	UpdateOrderStatus		0.0%
github.com/buidangphuc/team-order/internal/service/order.go:236:	CancelOrder			50.0%
github.com/buidangphuc/team-order/internal/service/order.go:267:	CreateReturnRequest		76.2%
github.com/buidangphuc/team-order/internal/service/order.go:317:	GetReturnRequest		100.0%
github.com/buidangphuc/team-order/internal/service/order.go:321:	UpdateReturnStatus		71.4%
github.com/buidangphuc/team-order/internal/service/order.go:357:	CreateShipment			63.6%
github.com/buidangphuc/team-order/internal/service/order.go:415:	GetShipmentTracking		71.4%
github.com/buidangphuc/team-order/internal/service/order.go:428:	AddShipmentCheckpoint		100.0%
github.com/buidangphuc/team-order/internal/upstream/domain.go:21:	forwardMetadataInterceptor	0.0%
github.com/buidangphuc/team-order/internal/upstream/domain.go:47:	Dial				0.0%
github.com/buidangphuc/team-order/internal/upstream/domain.go:70:	Close				0.0%
total:									(statements)			34.2%
