github.com/buidangphuc/team-identity/internal/authz/scopes.go:21:		ScopesForRoles			88.9%
github.com/buidangphuc/team-identity/internal/authz/scopes.go:38:		NormalizeRole			100.0%
github.com/buidangphuc/team-identity/internal/bootstrap/lifecycle.go:20:	OpenResources			0.0%
github.com/buidangphuc/team-identity/internal/bootstrap/lifecycle.go:37:	CloseResources			0.0%
github.com/buidangphuc/team-identity/internal/bootstrap/lifecycle.go:52:	openPostgres			0.0%
github.com/buidangphuc/team-identity/internal/bootstrap/lifecycle.go:73:	startDBHealthCheck		0.0%
github.com/buidangphuc/team-identity/internal/config/config.go:55:		LoadSettings			66.7%
github.com/buidangphuc/team-identity/internal/config/config.go:66:		Validate			66.7%
github.com/buidangphuc/team-identity/internal/config/config.go:82:		IsProd				0.0%
github.com/buidangphuc/team-identity/internal/config/config.go:87:		DeclaredEnvKeys			100.0%
github.com/buidangphuc/team-identity/internal/config/config.go:101:		bindGroups			86.7%
github.com/buidangphuc/team-identity/internal/config/config.go:124:		setField			75.0%
github.com/buidangphuc/team-identity/internal/config/envcheck.go:20:		CheckEnvExample			50.0%
github.com/buidangphuc/team-identity/internal/config/envcheck.go:61:		parseEnvExampleKeys		86.7%
github.com/buidangphuc/team-identity/internal/grpcserver/server.go:18:		Build				90.9%
github.com/buidangphuc/team-identity/internal/handler/address.go:23:		NewAddressHandler		100.0%
github.com/buidangphuc/team-identity/internal/handler/address.go:33:		ListAddresses			80.0%
github.com/buidangphuc/team-identity/internal/handler/address.go:52:		CreateAddress			66.7%
github.com/buidangphuc/team-identity/internal/handler/address.go:80:		UpdateAddress			53.8%
github.com/buidangphuc/team-identity/internal/handler/address.go:115:		DeleteAddress			50.0%
github.com/buidangphuc/team-identity/internal/handler/address.go:135:		SetDefaultAddress		54.5%
github.com/buidangphuc/team-identity/internal/handler/address.go:156:		toWireAddress			100.0%
github.com/buidangphuc/team-identity/internal/handler/auth.go:25:		NewAuthHandler			100.0%
github.com/buidangphuc/team-identity/internal/handler/auth.go:29:		Register			75.0%
github.com/buidangphuc/team-identity/internal/handler/auth.go:40:		Login				75.0%
github.com/buidangphuc/team-identity/internal/handler/auth.go:51:		ChangePassword			57.1%
github.com/buidangphuc/team-identity/internal/handler/auth.go:67:		RequestPasswordReset		75.0%
github.com/buidangphuc/team-identity/internal/handler/auth.go:81:		ResetPassword			66.7%
github.com/buidangphuc/team-identity/internal/handler/auth.go:91:		toResult			100.0%
github.com/buidangphuc/team-identity/internal/handler/auth.go:103:		mapErr				0.0%
github.com/buidangphuc/team-identity/internal/interceptor/auth.go:24:		PrincipalFromContext		100.0%
github.com/buidangphuc/team-identity/internal/interceptor/auth.go:29:		ContextWithPrincipal		100.0%
github.com/buidangphuc/team-identity/internal/interceptor/auth.go:33:		principalFromMetadata		85.7%
github.com/buidangphuc/team-identity/internal/interceptor/auth.go:49:		firstMD				100.0%
github.com/buidangphuc/team-identity/internal/interceptor/auth.go:56:		splitScopes			100.0%
github.com/buidangphuc/team-identity/internal/interceptor/auth.go:67:		parsePrincipalType		40.0%
github.com/buidangphuc/team-identity/internal/interceptor/auth.go:81:		AuthUnaryInterceptor		100.0%
github.com/buidangphuc/team-identity/internal/interceptor/auth.go:96:		RequirePrincipal		75.0%
github.com/buidangphuc/team-identity/internal/interceptor/stream.go:16:		Context				0.0%
github.com/buidangphuc/team-identity/internal/interceptor/tracing.go:29:	OTelStatsHandler		100.0%
github.com/buidangphuc/team-identity/internal/interceptor/tracing.go:34:	RequestIDFromContext		0.0%
github.com/buidangphuc/team-identity/internal/interceptor/tracing.go:43:	RequestIDUnaryInterceptor	100.0%
github.com/buidangphuc/team-identity/internal/interceptor/tracing.go:60:	RequestIDStreamInterceptor	25.0%
github.com/buidangphuc/team-identity/internal/interceptor/tracing.go:78:	withRequestID			100.0%
github.com/buidangphuc/team-identity/internal/interceptor/tracing.go:86:	incomingRequestID		66.7%
github.com/buidangphuc/team-identity/internal/interceptor/tracing.go:99:	newRequestID			75.0%
github.com/buidangphuc/team-identity/internal/observability/tracer.go:22:	InitTracer			0.0%
github.com/buidangphuc/team-identity/internal/repository/address.go:42:		NewPostgresAddressRepository	0.0%
github.com/buidangphuc/team-identity/internal/repository/address.go:48:		scanAddress			0.0%
github.com/buidangphuc/team-identity/internal/repository/address.go:52:		List				0.0%
github.com/buidangphuc/team-identity/internal/repository/address.go:71:		Get				0.0%
github.com/buidangphuc/team-identity/internal/repository/address.go:83:		Create				0.0%
github.com/buidangphuc/team-identity/internal/repository/address.go:122:	Update				0.0%
github.com/buidangphuc/team-identity/internal/repository/address.go:153:	Delete				0.0%
github.com/buidangphuc/team-identity/internal/repository/address.go:165:	SetDefault			0.0%
github.com/buidangphuc/team-identity/internal/repository/address.go:197:	NewInMemoryAddressRepository	100.0%
github.com/buidangphuc/team-identity/internal/repository/address.go:201:	List				100.0%
github.com/buidangphuc/team-identity/internal/repository/address.go:214:	Get				83.3%
github.com/buidangphuc/team-identity/internal/repository/address.go:224:	Create				72.7%
github.com/buidangphuc/team-identity/internal/repository/address.go:242:	Update				91.7%
github.com/buidangphuc/team-identity/internal/repository/address.go:261:	Delete				85.7%
github.com/buidangphuc/team-identity/internal/repository/address.go:272:	SetDefault			91.7%
github.com/buidangphuc/team-identity/internal/repository/users.go:58:		NewInMemoryUserRepository	100.0%
github.com/buidangphuc/team-identity/internal/repository/users.go:66:		Create				100.0%
github.com/buidangphuc/team-identity/internal/repository/users.go:77:		GetByUsername			83.3%
github.com/buidangphuc/team-identity/internal/repository/users.go:87:		GetByID				83.3%
github.com/buidangphuc/team-identity/internal/repository/users.go:97:		UpdatePassword			88.9%
github.com/buidangphuc/team-identity/internal/repository/users.go:110:		CreateResetToken		100.0%
github.com/buidangphuc/team-identity/internal/repository/users.go:117:		GetResetToken			100.0%
github.com/buidangphuc/team-identity/internal/repository/users.go:127:		MarkResetTokenUsed		87.5%
github.com/buidangphuc/team-identity/internal/repository/users_pg.go:18:	NewPostgresUserRepository	0.0%
github.com/buidangphuc/team-identity/internal/repository/users_pg.go:25:	Create				0.0%
github.com/buidangphuc/team-identity/internal/repository/users_pg.go:44:	GetByUsername			0.0%
github.com/buidangphuc/team-identity/internal/repository/users_pg.go:60:	GetByID				0.0%
github.com/buidangphuc/team-identity/internal/repository/users_pg.go:76:	UpdatePassword			0.0%
github.com/buidangphuc/team-identity/internal/repository/users_pg.go:89:	CreateResetToken		0.0%
github.com/buidangphuc/team-identity/internal/repository/users_pg.go:100:	GetResetToken			0.0%
github.com/buidangphuc/team-identity/internal/repository/users_pg.go:116:	MarkResetTokenUsed		0.0%
github.com/buidangphuc/team-identity/internal/service/auth.go:51:		NewAuthService			100.0%
github.com/buidangphuc/team-identity/internal/service/auth.go:57:		Register			90.9%
github.com/buidangphuc/team-identity/internal/service/auth.go:80:		Login				87.5%
github.com/buidangphuc/team-identity/internal/service/auth.go:94:		issue				80.0%
github.com/buidangphuc/team-identity/internal/service/auth.go:104:		ChangePassword			91.7%
github.com/buidangphuc/team-identity/internal/service/auth.go:124:		RequestPasswordReset		84.6%
github.com/buidangphuc/team-identity/internal/service/auth.go:152:		ResetPassword			78.9%
github.com/buidangphuc/team-identity/internal/service/auth.go:186:		hashToken			100.0%
github.com/buidangphuc/team-identity/internal/service/auth.go:192:		EnsureAdmin			0.0%
github.com/buidangphuc/team-identity/internal/token/jwt.go:23:			Sign				83.3%
github.com/buidangphuc/team-identity/internal/token/jwt.go:43:			Verify				87.5%
total:										(statements)			52.9%
